/home/administrator/eqAnalysis_poster/EstudioRayosCosmicos/data/ESPOCH_nogps_2016_04_10_08h00v5.root
/home/administrator/eqAnalysis_poster/EstudioRayosCosmicos/data/ESPOCH_nogps_2016_04_10_09h00v5.root
/home/administrator/eqAnalysis_poster/EstudioRayosCosmicos/data/ESPOCH_nogps_2016_04_10_10h00v5.root
/home/administrator/eqAnalysis_poster/EstudioRayosCosmicos/data/ESPOCH_nogps_2016_04_10_11h00v5.root
/home/administrator/eqAnalysis_poster/EstudioRayosCosmicos/data/ESPOCH_nogps_2016_04_10_12h00v5.root
/home/administrator/eqAnalysis_poster/EstudioRayosCosmicos/data/ESPOCH_nogps_2016_04_10_13h00v5.root
/home/administrator/eqAnalysis_poster/EstudioRayosCosmicos/data/ESPOCH_nogps_2016_04_10_14h00v5.root
/home/administrator/eqAnalysis_poster/EstudioRayosCosmicos/data/ESPOCH_nogps_2016_04_10_15h00v5.root
/home/administrator/eqAnalysis_poster/EstudioRayosCosmicos/data/ESPOCH_nogps_2016_04_10_16h00v5.root
/home/administrator/eqAnalysis_poster/EstudioRayosCosmicos/data/ESPOCH_nogps_2016_04_10_17h00v5.root
/home/administrator/eqAnalysis_poster/EstudioRayosCosmicos/data/ESPOCH_nogps_2016_04_10_18h00v5.root
/home/administrator/eqAnalysis_poster/EstudioRayosCosmicos/data/ESPOCH_nogps_2016_04_10_19h00v5.root
/home/administrator/eqAnalysis_poster/EstudioRayosCosmicos/data/ESPOCH_nogps_2016_04_10_20h00v5.root
/home/administrator/eqAnalysis_poster/EstudioRayosCosmicos/data/ESPOCH_nogps_2016_04_10_21h00v5.root
/home/administrator/eqAnalysis_poster/EstudioRayosCosmicos/data/ESPOCH_nogps_2016_04_10_22h00v5.root
/home/administrator/eqAnalysis_poster/EstudioRayosCosmicos/data/ESPOCH_nogps_2016_04_10_23h00v5.root
/home/administrator/eqAnalysis_poster/EstudioRayosCosmicos/data/ESPOCH_nogps_2016_04_11_00h00v5.root
/home/administrator/eqAnalysis_poster/EstudioRayosCosmicos/data/ESPOCH_nogps_2016_04_11_01h00v5.root
/home/administrator/eqAnalysis_poster/EstudioRayosCosmicos/data/ESPOCH_nogps_2016_04_11_02h00v5.root
/home/administrator/eqAnalysis_poster/EstudioRayosCosmicos/data/ESPOCH_nogps_2016_04_11_03h00v5.root
/home/administrator/eqAnalysis_poster/EstudioRayosCosmicos/data/ESPOCH_nogps_2016_04_11_04h00v5.root
/home/administrator/eqAnalysis_poster/EstudioRayosCosmicos/data/ESPOCH_nogps_2016_04_11_05h00v5.root
/home/administrator/eqAnalysis_poster/EstudioRayosCosmicos/data/ESPOCH_nogps_2016_04_11_06h00v5.root
/home/administrator/eqAnalysis_poster/EstudioRayosCosmicos/data/ESPOCH_nogps_2016_04_11_07h00v5.root
/home/administrator/eqAnalysis_poster/EstudioRayosCosmicos/data/ESPOCH_nogps_2016_04_11_08h00v5.root
/home/administrator/eqAnalysis_poster/EstudioRayosCosmicos/data/ESPOCH_nogps_2016_04_11_09h00v5.root
/home/administrator/eqAnalysis_poster/EstudioRayosCosmicos/data/ESPOCH_nogps_2016_04_11_10h00v5.root
/home/administrator/eqAnalysis_poster/EstudioRayosCosmicos/data/ESPOCH_nogps_2016_04_11_11h00v5.root
/home/administrator/eqAnalysis_poster/EstudioRayosCosmicos/data/ESPOCH_nogps_2016_04_11_12h00v5.root
/home/administrator/eqAnalysis_poster/EstudioRayosCosmicos/data/ESPOCH_nogps_2016_04_11_13h00v5.root
/home/administrator/eqAnalysis_poster/EstudioRayosCosmicos/data/ESPOCH_nogps_2016_04_11_14h00v5.root
/home/administrator/eqAnalysis_poster/EstudioRayosCosmicos/data/ESPOCH_nogps_2016_04_11_15h00v5.root
/home/administrator/eqAnalysis_poster/EstudioRayosCosmicos/data/ESPOCH_nogps_2016_04_11_16h00v5.root
/home/administrator/eqAnalysis_poster/EstudioRayosCosmicos/data/ESPOCH_nogps_2016_04_11_17h00v5.root
/home/administrator/eqAnalysis_poster/EstudioRayosCosmicos/data/ESPOCH_nogps_2016_04_11_18h00v5.root
/home/administrator/eqAnalysis_poster/EstudioRayosCosmicos/data/ESPOCH_nogps_2016_04_11_19h00v5.root
/home/administrator/eqAnalysis_poster/EstudioRayosCosmicos/data/ESPOCH_nogps_2016_04_11_20h00v5.root
/home/administrator/eqAnalysis_poster/EstudioRayosCosmicos/data/ESPOCH_nogps_2016_04_11_21h00v5.root
/home/administrator/eqAnalysis_poster/EstudioRayosCosmicos/data/ESPOCH_nogps_2016_04_11_22h00v5.root
/home/administrator/eqAnalysis_poster/EstudioRayosCosmicos/data/ESPOCH_nogps_2016_04_11_23h00v5.root
/home/administrator/eqAnalysis_poster/EstudioRayosCosmicos/data/ESPOCH_nogps_2016_04_12_00h00v5.root
/home/administrator/eqAnalysis_poster/EstudioRayosCosmicos/data/ESPOCH_nogps_2016_04_12_01h00v5.root
/home/administrator/eqAnalysis_poster/EstudioRayosCosmicos/data/ESPOCH_nogps_2016_04_12_02h00v5.root
/home/administrator/eqAnalysis_poster/EstudioRayosCosmicos/data/ESPOCH_nogps_2016_04_12_03h00v5.root
/home/administrator/eqAnalysis_poster/EstudioRayosCosmicos/data/ESPOCH_nogps_2016_04_12_04h00v5.root
/home/administrator/eqAnalysis_poster/EstudioRayosCosmicos/data/ESPOCH_nogps_2016_04_12_05h00v5.root
/home/administrator/eqAnalysis_poster/EstudioRayosCosmicos/data/ESPOCH_nogps_2016_04_12_06h00v5.root
/home/administrator/eqAnalysis_poster/EstudioRayosCosmicos/data/ESPOCH_nogps_2016_04_12_07h00v5.root
/home/administrator/eqAnalysis_poster/EstudioRayosCosmicos/data/ESPOCH_nogps_2016_04_12_08h00v5.root
/home/administrator/eqAnalysis_poster/EstudioRayosCosmicos/data/ESPOCH_nogps_2016_04_12_09h00v5.root
/home/administrator/eqAnalysis_poster/EstudioRayosCosmicos/data/ESPOCH_nogps_2016_04_12_10h00v5.root
/home/administrator/eqAnalysis_poster/EstudioRayosCosmicos/data/ESPOCH_nogps_2016_04_12_11h00v5.root
/home/administrator/eqAnalysis_poster/EstudioRayosCosmicos/data/ESPOCH_nogps_2016_04_12_12h00v5.root
/home/administrator/eqAnalysis_poster/EstudioRayosCosmicos/data/ESPOCH_nogps_2016_04_12_13h00v5.root
/home/administrator/eqAnalysis_poster/EstudioRayosCosmicos/data/ESPOCH_nogps_2016_04_12_14h00v5.root
/home/administrator/eqAnalysis_poster/EstudioRayosCosmicos/data/ESPOCH_nogps_2016_04_12_15h00v5.root
/home/administrator/eqAnalysis_poster/EstudioRayosCosmicos/data/ESPOCH_nogps_2016_04_12_16h00v5.root
/home/administrator/eqAnalysis_poster/EstudioRayosCosmicos/data/ESPOCH_nogps_2016_04_12_17h00v5.root
/home/administrator/eqAnalysis_poster/EstudioRayosCosmicos/data/ESPOCH_nogps_2016_04_12_18h00v5.root
/home/administrator/eqAnalysis_poster/EstudioRayosCosmicos/data/ESPOCH_nogps_2016_04_12_19h00v5.root
/home/administrator/eqAnalysis_poster/EstudioRayosCosmicos/data/ESPOCH_nogps_2016_04_12_20h00v5.root
/home/administrator/eqAnalysis_poster/EstudioRayosCosmicos/data/ESPOCH_nogps_2016_04_12_21h00v5.root
/home/administrator/eqAnalysis_poster/EstudioRayosCosmicos/data/ESPOCH_nogps_2016_04_12_22h00v5.root
/home/administrator/eqAnalysis_poster/EstudioRayosCosmicos/data/ESPOCH_nogps_2016_04_12_23h00v5.root
/home/administrator/eqAnalysis_poster/EstudioRayosCosmicos/data/ESPOCH_nogps_2016_04_13_00h00v5.root
/home/administrator/eqAnalysis_poster/EstudioRayosCosmicos/data/ESPOCH_nogps_2016_04_13_01h00v5.root
/home/administrator/eqAnalysis_poster/EstudioRayosCosmicos/data/ESPOCH_nogps_2016_04_13_02h00v5.root
/home/administrator/eqAnalysis_poster/EstudioRayosCosmicos/data/ESPOCH_nogps_2016_04_13_03h00v5.root
/home/administrator/eqAnalysis_poster/EstudioRayosCosmicos/data/ESPOCH_nogps_2016_04_13_04h00v5.root
/home/administrator/eqAnalysis_poster/EstudioRayosCosmicos/data/ESPOCH_nogps_2016_04_13_05h00v5.root
/home/administrator/eqAnalysis_poster/EstudioRayosCosmicos/data/ESPOCH_nogps_2016_04_13_06h00v5.root
/home/administrator/eqAnalysis_poster/EstudioRayosCosmicos/data/ESPOCH_nogps_2016_04_13_07h00v5.root
/home/administrator/eqAnalysis_poster/EstudioRayosCosmicos/data/ESPOCH_nogps_2016_04_13_08h00v5.root
/home/administrator/eqAnalysis_poster/EstudioRayosCosmicos/data/ESPOCH_nogps_2016_04_13_09h00v5.root
/home/administrator/eqAnalysis_poster/EstudioRayosCosmicos/data/ESPOCH_nogps_2016_04_13_10h00v5.root
/home/administrator/eqAnalysis_poster/EstudioRayosCosmicos/data/ESPOCH_nogps_2016_04_13_11h00v5.root
/home/administrator/eqAnalysis_poster/EstudioRayosCosmicos/data/ESPOCH_nogps_2016_04_13_12h00v5.root
/home/administrator/eqAnalysis_poster/EstudioRayosCosmicos/data/ESPOCH_nogps_2016_04_13_13h00v5.root
/home/administrator/eqAnalysis_poster/EstudioRayosCosmicos/data/ESPOCH_nogps_2016_04_13_14h00v5.root
/home/administrator/eqAnalysis_poster/EstudioRayosCosmicos/data/ESPOCH_nogps_2016_04_13_15h00v5.root
/home/administrator/eqAnalysis_poster/EstudioRayosCosmicos/data/ESPOCH_nogps_2016_04_13_16h00v5.root
/home/administrator/eqAnalysis_poster/EstudioRayosCosmicos/data/ESPOCH_nogps_2016_04_13_17h00v5.root
/home/administrator/eqAnalysis_poster/EstudioRayosCosmicos/data/ESPOCH_nogps_2016_04_13_18h00v5.root
/home/administrator/eqAnalysis_poster/EstudioRayosCosmicos/data/ESPOCH_nogps_2016_04_13_19h00v5.root
/home/administrator/eqAnalysis_poster/EstudioRayosCosmicos/data/ESPOCH_nogps_2016_04_13_20h00v5.root
/home/administrator/eqAnalysis_poster/EstudioRayosCosmicos/data/ESPOCH_nogps_2016_04_13_21h00v5.root
/home/administrator/eqAnalysis_poster/EstudioRayosCosmicos/data/ESPOCH_nogps_2016_04_13_22h00v5.root
/home/administrator/eqAnalysis_poster/EstudioRayosCosmicos/data/ESPOCH_nogps_2016_04_13_23h00v5.root
/home/administrator/eqAnalysis_poster/EstudioRayosCosmicos/data/ESPOCH_nogps_2016_04_14_00h00v5.root
/home/administrator/eqAnalysis_poster/EstudioRayosCosmicos/data/ESPOCH_nogps_2016_04_14_01h00v5.root
/home/administrator/eqAnalysis_poster/EstudioRayosCosmicos/data/ESPOCH_nogps_2016_04_14_02h00v5.root
/home/administrator/eqAnalysis_poster/EstudioRayosCosmicos/data/ESPOCH_nogps_2016_04_14_03h00v5.root
/home/administrator/eqAnalysis_poster/EstudioRayosCosmicos/data/ESPOCH_nogps_2016_04_14_04h00v5.root
/home/administrator/eqAnalysis_poster/EstudioRayosCosmicos/data/ESPOCH_nogps_2016_04_14_05h00v5.root
/home/administrator/eqAnalysis_poster/EstudioRayosCosmicos/data/ESPOCH_nogps_2016_04_14_06h00v5.root
/home/administrator/eqAnalysis_poster/EstudioRayosCosmicos/data/ESPOCH_nogps_2016_04_14_07h00v5.root
/home/administrator/eqAnalysis_poster/EstudioRayosCosmicos/data/ESPOCH_nogps_2016_04_14_08h00v5.root
/home/administrator/eqAnalysis_poster/EstudioRayosCosmicos/data/ESPOCH_nogps_2016_04_14_09h00v5.root
/home/administrator/eqAnalysis_poster/EstudioRayosCosmicos/data/ESPOCH_nogps_2016_04_14_10h00v5.root
/home/administrator/eqAnalysis_poster/EstudioRayosCosmicos/data/ESPOCH_nogps_2016_04_14_11h00v5.root
/home/administrator/eqAnalysis_poster/EstudioRayosCosmicos/data/ESPOCH_nogps_2016_04_14_12h00v5.root
/home/administrator/eqAnalysis_poster/EstudioRayosCosmicos/data/ESPOCH_nogps_2016_04_14_13h00v5.root
/home/administrator/eqAnalysis_poster/EstudioRayosCosmicos/data/ESPOCH_nogps_2016_04_14_14h00v5.root
/home/administrator/eqAnalysis_poster/EstudioRayosCosmicos/data/ESPOCH_nogps_2016_04_14_15h00v5.root
/home/administrator/eqAnalysis_poster/EstudioRayosCosmicos/data/ESPOCH_nogps_2016_04_14_16h00v5.root
/home/administrator/eqAnalysis_poster/EstudioRayosCosmicos/data/ESPOCH_nogps_2016_04_14_17h00v5.root
/home/administrator/eqAnalysis_poster/EstudioRayosCosmicos/data/ESPOCH_nogps_2016_04_14_18h00v5.root
/home/administrator/eqAnalysis_poster/EstudioRayosCosmicos/data/ESPOCH_nogps_2016_04_14_19h00v5.root
/home/administrator/eqAnalysis_poster/EstudioRayosCosmicos/data/ESPOCH_nogps_2016_04_14_20h00v5.root
/home/administrator/eqAnalysis_poster/EstudioRayosCosmicos/data/ESPOCH_nogps_2016_04_14_21h00v5.root
/home/administrator/eqAnalysis_poster/EstudioRayosCosmicos/data/ESPOCH_nogps_2016_04_14_22h00v5.root
/home/administrator/eqAnalysis_poster/EstudioRayosCosmicos/data/ESPOCH_nogps_2016_04_14_23h00v5.root
/home/administrator/eqAnalysis_poster/EstudioRayosCosmicos/data/ESPOCH_nogps_2016_04_15_00h00v5.root
/home/administrator/eqAnalysis_poster/EstudioRayosCosmicos/data/ESPOCH_nogps_2016_04_15_01h00v5.root
/home/administrator/eqAnalysis_poster/EstudioRayosCosmicos/data/ESPOCH_nogps_2016_04_15_02h00v5.root
/home/administrator/eqAnalysis_poster/EstudioRayosCosmicos/data/ESPOCH_nogps_2016_04_15_03h00v5.root
/home/administrator/eqAnalysis_poster/EstudioRayosCosmicos/data/ESPOCH_nogps_2016_04_15_04h00v5.root
/home/administrator/eqAnalysis_poster/EstudioRayosCosmicos/data/ESPOCH_nogps_2016_04_15_05h00v5.root
/home/administrator/eqAnalysis_poster/EstudioRayosCosmicos/data/ESPOCH_nogps_2016_04_15_06h00v5.root
/home/administrator/eqAnalysis_poster/EstudioRayosCosmicos/data/ESPOCH_nogps_2016_04_15_07h00v5.root
/home/administrator/eqAnalysis_poster/EstudioRayosCosmicos/data/ESPOCH_nogps_2016_04_15_08h00v5.root
/home/administrator/eqAnalysis_poster/EstudioRayosCosmicos/data/ESPOCH_nogps_2016_04_15_09h00v5.root
/home/administrator/eqAnalysis_poster/EstudioRayosCosmicos/data/ESPOCH_nogps_2016_04_15_10h00v5.root
/home/administrator/eqAnalysis_poster/EstudioRayosCosmicos/data/ESPOCH_nogps_2016_04_15_11h00v5.root
/home/administrator/eqAnalysis_poster/EstudioRayosCosmicos/data/ESPOCH_nogps_2016_04_15_12h00v5.root
/home/administrator/eqAnalysis_poster/EstudioRayosCosmicos/data/ESPOCH_nogps_2016_04_15_13h00v5.root
/home/administrator/eqAnalysis_poster/EstudioRayosCosmicos/data/ESPOCH_nogps_2016_04_15_14h00v5.root
/home/administrator/eqAnalysis_poster/EstudioRayosCosmicos/data/ESPOCH_nogps_2016_04_15_15h00v5.root
/home/administrator/eqAnalysis_poster/EstudioRayosCosmicos/data/ESPOCH_nogps_2016_04_15_16h00v5.root
/home/administrator/eqAnalysis_poster/EstudioRayosCosmicos/data/ESPOCH_nogps_2016_04_15_17h00v5.root
/home/administrator/eqAnalysis_poster/EstudioRayosCosmicos/data/ESPOCH_nogps_2016_04_15_18h00v5.root
/home/administrator/eqAnalysis_poster/EstudioRayosCosmicos/data/ESPOCH_nogps_2016_04_15_19h00v5.root
/home/administrator/eqAnalysis_poster/EstudioRayosCosmicos/data/ESPOCH_nogps_2016_04_15_20h00v5.root
/home/administrator/eqAnalysis_poster/EstudioRayosCosmicos/data/ESPOCH_nogps_2016_04_15_21h00v5.root
/home/administrator/eqAnalysis_poster/EstudioRayosCosmicos/data/ESPOCH_nogps_2016_04_15_22h00v5.root
/home/administrator/eqAnalysis_poster/EstudioRayosCosmicos/data/ESPOCH_nogps_2016_04_15_23h00v5.root
/home/administrator/eqAnalysis_poster/EstudioRayosCosmicos/data/ESPOCH_nogps_2016_04_16_00h00v5.root
/home/administrator/eqAnalysis_poster/EstudioRayosCosmicos/data/ESPOCH_nogps_2016_04_16_01h00v5.root
/home/administrator/eqAnalysis_poster/EstudioRayosCosmicos/data/ESPOCH_nogps_2016_04_16_02h00v5.root
/home/administrator/eqAnalysis_poster/EstudioRayosCosmicos/data/ESPOCH_nogps_2016_04_16_03h00v5.root
/home/administrator/eqAnalysis_poster/EstudioRayosCosmicos/data/ESPOCH_nogps_2016_04_16_04h00v5.root
/home/administrator/eqAnalysis_poster/EstudioRayosCosmicos/data/ESPOCH_nogps_2016_04_16_05h00v5.root
/home/administrator/eqAnalysis_poster/EstudioRayosCosmicos/data/ESPOCH_nogps_2016_04_16_06h00v5.root
/home/administrator/eqAnalysis_poster/EstudioRayosCosmicos/data/ESPOCH_nogps_2016_04_16_07h00v5.root
/home/administrator/eqAnalysis_poster/EstudioRayosCosmicos/data/ESPOCH_nogps_2016_04_16_08h00v5.root
/home/administrator/eqAnalysis_poster/EstudioRayosCosmicos/data/ESPOCH_nogps_2016_04_16_09h00v5.root
/home/administrator/eqAnalysis_poster/EstudioRayosCosmicos/data/ESPOCH_nogps_2016_04_16_10h00v5.root
/home/administrator/eqAnalysis_poster/EstudioRayosCosmicos/data/ESPOCH_nogps_2016_04_16_11h00v5.root
/home/administrator/eqAnalysis_poster/EstudioRayosCosmicos/data/ESPOCH_nogps_2016_04_16_12h00v5.root
/home/administrator/eqAnalysis_poster/EstudioRayosCosmicos/data/ESPOCH_nogps_2016_04_16_14h00v5.root
/home/administrator/eqAnalysis_poster/EstudioRayosCosmicos/data/ESPOCH_nogps_2016_04_16_15h00v5.root
/home/administrator/eqAnalysis_poster/EstudioRayosCosmicos/data/ESPOCH_nogps_2016_04_16_16h00v5.root
/home/administrator/eqAnalysis_poster/EstudioRayosCosmicos/data/ESPOCH_nogps_2016_04_16_17h00v5.root
/home/administrator/eqAnalysis_poster/EstudioRayosCosmicos/data/ESPOCH_nogps_2016_04_16_18h00v5.root
/home/administrator/eqAnalysis_poster/EstudioRayosCosmicos/data/ESPOCH_nogps_2016_04_16_19h00v5.root
/home/administrator/eqAnalysis_poster/EstudioRayosCosmicos/data/ESPOCH_nogps_2016_04_16_20h00v5.root
/home/administrator/eqAnalysis_poster/EstudioRayosCosmicos/data/ESPOCH_nogps_2016_04_16_21h00v5.root
/home/administrator/eqAnalysis_poster/EstudioRayosCosmicos/data/ESPOCH_nogps_2016_04_16_22h00v5.root
/home/administrator/eqAnalysis_poster/EstudioRayosCosmicos/data/ESPOCH_nogps_2016_04_16_23h00v5.root
/home/administrator/eqAnalysis_poster/EstudioRayosCosmicos/data/ESPOCH_nogps_2016_04_17_00h00v5.root
/home/administrator/eqAnalysis_poster/EstudioRayosCosmicos/data/ESPOCH_nogps_2016_04_17_01h00v5.root
/home/administrator/eqAnalysis_poster/EstudioRayosCosmicos/data/ESPOCH_nogps_2016_04_17_02h00v5.root
/home/administrator/eqAnalysis_poster/EstudioRayosCosmicos/data/ESPOCH_nogps_2016_04_17_03h00v5.root
/home/administrator/eqAnalysis_poster/EstudioRayosCosmicos/data/ESPOCH_nogps_2016_04_17_04h00v5.root
/home/administrator/eqAnalysis_poster/EstudioRayosCosmicos/data/ESPOCH_nogps_2016_04_17_05h00v5.root
/home/administrator/eqAnalysis_poster/EstudioRayosCosmicos/data/ESPOCH_nogps_2016_04_17_06h00v5.root
/home/administrator/eqAnalysis_poster/EstudioRayosCosmicos/data/ESPOCH_nogps_2016_04_17_07h00v5.root
/home/administrator/eqAnalysis_poster/EstudioRayosCosmicos/data/ESPOCH_nogps_2016_04_17_08h00v5.root
/home/administrator/eqAnalysis_poster/EstudioRayosCosmicos/data/ESPOCH_nogps_2016_04_17_09h00v5.root
/home/administrator/eqAnalysis_poster/EstudioRayosCosmicos/data/ESPOCH_nogps_2016_04_17_10h00v5.root
/home/administrator/eqAnalysis_poster/EstudioRayosCosmicos/data/ESPOCH_nogps_2016_04_17_11h00v5.root
/home/administrator/eqAnalysis_poster/EstudioRayosCosmicos/data/ESPOCH_nogps_2016_04_17_12h00v5.root
/home/administrator/eqAnalysis_poster/EstudioRayosCosmicos/data/ESPOCH_nogps_2016_04_17_13h00v5.root
/home/administrator/eqAnalysis_poster/EstudioRayosCosmicos/data/ESPOCH_nogps_2016_04_17_14h00v5.root
/home/administrator/eqAnalysis_poster/EstudioRayosCosmicos/data/ESPOCH_nogps_2016_04_17_15h00v5.root
/home/administrator/eqAnalysis_poster/EstudioRayosCosmicos/data/ESPOCH_nogps_2016_04_17_16h00v5.root
/home/administrator/eqAnalysis_poster/EstudioRayosCosmicos/data/ESPOCH_nogps_2016_04_17_17h00v5.root
/home/administrator/eqAnalysis_poster/EstudioRayosCosmicos/data/ESPOCH_nogps_2016_04_17_18h00v5.root
/home/administrator/eqAnalysis_poster/EstudioRayosCosmicos/data/ESPOCH_nogps_2016_04_17_19h00v5.root
/home/administrator/eqAnalysis_poster/EstudioRayosCosmicos/data/ESPOCH_nogps_2016_04_17_20h00v5.root
/home/administrator/eqAnalysis_poster/EstudioRayosCosmicos/data/ESPOCH_nogps_2016_04_17_21h00v5.root
/home/administrator/eqAnalysis_poster/EstudioRayosCosmicos/data/ESPOCH_nogps_2016_04_17_22h00v5.root
/home/administrator/eqAnalysis_poster/EstudioRayosCosmicos/data/ESPOCH_nogps_2016_04_17_23h00v5.root
/home/administrator/eqAnalysis_poster/EstudioRayosCosmicos/data/ESPOCH_nogps_2016_04_18_00h00v5.root
/home/administrator/eqAnalysis_poster/EstudioRayosCosmicos/data/ESPOCH_nogps_2016_04_18_01h00v5.root
/home/administrator/eqAnalysis_poster/EstudioRayosCosmicos/data/ESPOCH_nogps_2016_04_18_02h00v5.root
/home/administrator/eqAnalysis_poster/EstudioRayosCosmicos/data/ESPOCH_nogps_2016_04_18_03h00v5.root
/home/administrator/eqAnalysis_poster/EstudioRayosCosmicos/data/ESPOCH_nogps_2016_04_18_04h00v5.root
/home/administrator/eqAnalysis_poster/EstudioRayosCosmicos/data/ESPOCH_nogps_2016_04_18_05h00v5.root
/home/administrator/eqAnalysis_poster/EstudioRayosCosmicos/data/ESPOCH_nogps_2016_04_18_06h00v5.root
/home/administrator/eqAnalysis_poster/EstudioRayosCosmicos/data/ESPOCH_nogps_2016_04_18_07h00v5.root
/home/administrator/eqAnalysis_poster/EstudioRayosCosmicos/data/ESPOCH_nogps_2016_04_18_08h00v5.root
/home/administrator/eqAnalysis_poster/EstudioRayosCosmicos/data/ESPOCH_nogps_2016_04_18_09h00v5.root
/home/administrator/eqAnalysis_poster/EstudioRayosCosmicos/data/ESPOCH_nogps_2016_04_18_10h00v5.root
/home/administrator/eqAnalysis_poster/EstudioRayosCosmicos/data/ESPOCH_nogps_2016_04_18_11h00v5.root
/home/administrator/eqAnalysis_poster/EstudioRayosCosmicos/data/ESPOCH_nogps_2016_04_18_12h00v5.root
/home/administrator/eqAnalysis_poster/EstudioRayosCosmicos/data/ESPOCH_nogps_2016_04_18_13h00v5.root
/home/administrator/eqAnalysis_poster/EstudioRayosCosmicos/data/ESPOCH_nogps_2016_04_18_14h00v5.root
/home/administrator/eqAnalysis_poster/EstudioRayosCosmicos/data/ESPOCH_nogps_2016_04_18_15h00v5.root
/home/administrator/eqAnalysis_poster/EstudioRayosCosmicos/data/ESPOCH_nogps_2016_04_18_16h00v5.root
/home/administrator/eqAnalysis_poster/EstudioRayosCosmicos/data/ESPOCH_nogps_2016_04_18_17h00v5.root
/home/administrator/eqAnalysis_poster/EstudioRayosCosmicos/data/ESPOCH_nogps_2016_04_18_18h00v5.root
/home/administrator/eqAnalysis_poster/EstudioRayosCosmicos/data/ESPOCH_nogps_2016_04_18_19h00v5.root
/home/administrator/eqAnalysis_poster/EstudioRayosCosmicos/data/ESPOCH_nogps_2016_04_18_20h00v5.root
/home/administrator/eqAnalysis_poster/EstudioRayosCosmicos/data/ESPOCH_nogps_2016_04_18_21h00v5.root
/home/administrator/eqAnalysis_poster/EstudioRayosCosmicos/data/ESPOCH_nogps_2016_04_18_22h00v5.root
/home/administrator/eqAnalysis_poster/EstudioRayosCosmicos/data/ESPOCH_nogps_2016_04_18_23h00v5.root
